This is pdfTeX, Version 3.141592653-2.6-1.40.29 (TeX Live 2026) (preloaded format=pdflatex 2026.4.16)  17 APR 2026 09:08
entering extended mode
 restricted \write18 enabled.
 file:line:error style messages enabled.
 %&-line parsing enabled.
**d:/1ljk/3dpaper/aipsamp.tex
(d:/1ljk/3dpaper/aipsamp.tex
LaTeX2e <2025-11-01>
L3 programming layer <2026-01-19>
(./revtex4-1.cls
Document Class: revtex4-1 2020/09/30 4.1s (http://publish.aps.org/revtex4/ for documentation)
 Copyright (c) 2009 The American Physical Society.
 mailto:revtex@aps.org
 Licensed under the LPPL:
http://www.ctan.org/tex-archive/macros/latex/base/lppl.txt
 Arthur Ogawa <arthur_ogawa at sbcglobal dot net>
 Based on work by David Carlisle <david at dcarlisle.demon.co.uk>.
ltxutil[2020/09/30 4.1s utilities package (portions licensed from W. E. Baxter web at superscript.com)]
LaTeX Info: Redefining \@centercr on input line 346.
Class revtex4-1 Info: Repairing hyperref-unfriendly LaTeX definition of \mpfootnote on input line 471.
Class revtex4-1 Info: Repairing broken LateX \@sect on input line 793.
\intertabularlinepenalty=\count275
\@tbpen=\count276
\@arstrutbox@hline=\box53
Class revtex4-1 Info: Repairing broken LaTeX \@xbitor on input line 1824.
Class revtex4-1 Info: Making \typeout \long on input line 2089.
ltxfront[2020/09/30 4.1s frontmatter package (AO,DPC)]
\c@affil=\count277
\c@collab=\count278
\absbox=\box54
ltxgrid[2020/09/30 4.1s page grid package (portions licensed from W. E. Baxter web at superscript.com)]
\c@linecount=\count279
\output@latex=\toks17
\box@size@1=\box55
\box@size@2=\box56
\@protection@box=\box57
\@topmark@saved=\toks18
\footins@saved=\box58
\footins@recovered=\box59
\column@recovered=\box60
\pagesofar=\box61
\footsofar=\box62
\pagegrid@col=\count280
Class revtex4-1 Info: Overriding \@vspace, \@vspacer, \@no@pgbk, \@newline, and \\  on input line 5655.
\c@part=\count281
\c@section=\count282
\c@subsection=\count283
\c@subsubsection=\count284
\c@paragraph=\count285
\c@subparagraph=\count286
\abovecaptionskip=\skip49
\belowcaptionskip=\skip50
\c@figure=\count287
\fbox@1=\box63
\c@table=\count288
\fbox@2=\box64
\c@video=\count289
\fbox@4=\box65
\@bibdataout=\write3
\widetext@top=\box66
\widetext@bot=\box67
Class revtex4-1 Info: Selecting society aip on input line 7616.
(./aip4-1.rtx
File: aip4-1.rtx 2010/07/25 4.1r AIP substyle for REVTeX
Class revtex4-1 Info: RevTeX society AIP selected on input line 75.
)

Class revtex4-1 Warning: No journal specified, using default cha.

Using journal substyle cha.
Class revtex4-1 Info: Reading file aps10pt4-1.rtx on input line 7621.
(c:/texlive/2026/texmf-dist/tex/latex/revtex4-1/aps10pt4-1.rtx
File: aps10pt4-1 2020/09/30 4.1s (http://publish.aps.org/revtex4/ for documentation)
Class revtex4-1 Info: RevTeX pointsize 10pt selected on input line 30.
)
Class revtex4-1 Info: Overriding 10pt on input line 7621.
 (c:/texlive/2026/texmf-dist/tex/latex/textcase/textcase.sty
Package: textcase 2025/02/16 v1.05 Text only upper/lower case changing (DPC)
Package textcase Info: Defining Legacy names on input line 20.
) (c:/texlive/2026/texmf-dist/tex/latex/amsfonts/amssymb.sty
Package: amssymb 2013/01/14 v3.01 AMS font symbols
 (c:/texlive/2026/texmf-dist/tex/latex/amsfonts/amsfonts.sty
Package: amsfonts 2013/01/14 v3.01 Basic AMSFonts support
\@emptytoks=\toks19
\symAMSa=\mathgroup4
\symAMSb=\mathgroup5
LaTeX Font Info:    Redeclaring math symbol \hbar on input line 98.
LaTeX Font Info:    Overwriting math alphabet `\mathfrak' in version `bold'
(Font)                  U/euf/m/n --> U/euf/b/n on input line 106.
)) (c:/texlive/2026/texmf-dist/tex/latex/amsmath/amsmath.sty
Package: amsmath 2025/07/09 v2.17z AMS math features
\@mathmargin=\skip51

For additional information on amsmath, use the `?' option.
(c:/texlive/2026/texmf-dist/tex/latex/amsmath/amstext.sty
Package: amstext 2024/11/17 v2.01 AMS text
 (c:/texlive/2026/texmf-dist/tex/latex/amsmath/amsgen.sty
File: amsgen.sty 1999/11/30 v2.0 generic functions
\@emptytoks=\toks20
\ex@=\dimen148
)
LaTeX Info: Redefining \text on input line 28.
) (c:/texlive/2026/texmf-dist/tex/latex/amsmath/amsbsy.sty
Package: amsbsy 1999/11/29 v1.2d Bold Symbols
\pmbraise@=\dimen149
) (c:/texlive/2026/texmf-dist/tex/latex/amsmath/amsopn.sty
Package: amsopn 2022/04/08 v2.04 operator names
)
\inf@bad=\count290
LaTeX Info: Redefining \frac on input line 233.
\uproot@=\count291
\leftroot@=\count292
LaTeX Info: Redefining \overline on input line 398.
LaTeX Info: Redefining \colon on input line 409.
\classnum@=\count293
\DOTSCASE@=\count294
LaTeX Info: Redefining \ldots on input line 495.
LaTeX Info: Redefining \dots on input line 498.
LaTeX Info: Redefining \cdots on input line 619.
\Mathstrutbox@=\box68
\strutbox@=\box69
LaTeX Info: Redefining \big on input line 721.
LaTeX Info: Redefining \Big on input line 722.
LaTeX Info: Redefining \bigg on input line 723.
LaTeX Info: Redefining \Bigg on input line 724.
\big@size=\dimen150
LaTeX Font Info:    Redeclaring font encoding OML on input line 742.
LaTeX Font Info:    Redeclaring font encoding OMS on input line 743.
\macc@depth=\count295
LaTeX Info: Redefining \bmod on input line 904.
LaTeX Info: Redefining \pmod on input line 909.
LaTeX Info: Redefining \smash on input line 939.
LaTeX Info: Redefining \relbar on input line 969.
LaTeX Info: Redefining \Relbar on input line 970.
\c@MaxMatrixCols=\count296
\dotsspace@=\muskip17
\c@parentequation=\count297
\dspbrk@lvl=\count298
\tag@help=\toks21
\row@=\count299
\column@=\count300
\maxfields@=\count301
\andhelp@=\toks22
\eqnshift@=\dimen151
\alignsep@=\dimen152
\tagshift@=\dimen153
\tagwidth@=\dimen154
\totwidth@=\dimen155
\lineht@=\dimen156
\@envbody=\toks23
\multlinegap=\skip52
\multlinetaggap=\skip53
\mathdisplay@stack=\toks24
LaTeX Info: Redefining \[ on input line 2950.
LaTeX Info: Redefining \] on input line 2951.
) (c:/texlive/2026/texmf-dist/tex/latex/url/url.sty
\Urlmuskip=\muskip18
Package: url 2013/09/16  ver 3.4  Verb mode for urls, etc.
) (c:/texlive/2026/texmf-dist/tex/latex/natbib/natbib.sty
Package: natbib 2010/09/13 8.31b (PWD, AO)
\bibhang=\skip54
\bibsep=\skip55
LaTeX Info: Redefining \cite on input line 694.
\c@NAT@ctr=\count302
)
Class revtex4-1 Info: Repairing natbib's \BibitemShut on input line 7623.
 (./revsymb4-1.sty
Package: revsymb4-1 2010/07/25/20:33:00 4.1r (http://publish.aps.org/revtex4/ for documentation)
LaTeX Info: Redefining \frak on input line 95.
LaTeX Info: Redefining \Bbb on input line 111.
LaTeX Info: Redefining \REV@mathfrak on input line 119.
)) (c:/texlive/2026/texmf-dist/tex/latex/graphics/graphicx.sty
Package: graphicx 2024/12/31 v1.2e Enhanced LaTeX Graphics (DPC,SPQR)
 (c:/texlive/2026/texmf-dist/tex/latex/graphics/keyval.sty
Package: keyval 2022/05/29 v1.15 key=value parser (DPC)
\KV@toks@=\toks25
) (c:/texlive/2026/texmf-dist/tex/latex/graphics/graphics.sty
Package: graphics 2024/08/06 v1.4g Standard LaTeX Graphics (DPC,SPQR)
 (c:/texlive/2026/texmf-dist/tex/latex/graphics/trig.sty
Package: trig 2023/12/02 v1.11 sin cos tan (DPC)
) (c:/texlive/2026/texmf-dist/tex/latex/graphics-cfg/graphics.cfg
File: graphics.cfg 2016/06/04 v1.11 sample graphics configuration
)
Package graphics Info: Driver file: pdftex.def on input line 106.
 (c:/texlive/2026/texmf-dist/tex/latex/graphics-def/pdftex.def
File: pdftex.def 2025/09/29 v1.2d Graphics/color driver for pdftex
))
\Gin@req@height=\dimen157
\Gin@req@width=\dimen158
) (c:/texlive/2026/texmf-dist/tex/latex/tools/dcolumn.sty
Package: dcolumn 2025/10/21 v1.06 decimal alignment package (DPC)
 (c:/texlive/2026/texmf-dist/tex/latex/tools/array.sty
Package: array 2025/09/25 v2.6n Tabular extension package (FMi)
\col@sep=\dimen159
\ar@mcellbox=\box70
\extrarowheight=\dimen160
\NC@list=\toks26
\extratabsurround=\skip56
\backup@length=\skip57
\ar@cellbox=\box71
)) (c:/texlive/2026/texmf-dist/tex/latex/tools/bm.sty
Package: bm 2025/10/21 v1.2g Bold Symbol Support (DPC/FMi)
\symboldoperators=\mathgroup6
\symboldletters=\mathgroup7
\symboldsymbols=\mathgroup8
Package bm Info: No bold for \OMX/cmex/m/n, using \pmb.
Package bm Info: No bold for \U/msa/m/n, using \pmb.
Package bm Info: No bold for \U/msb/m/n, using \pmb.
LaTeX Font Info:    Redeclaring math alphabet \mathbf on input line 149.
LaTeX Info: Redefining \bm on input line 219.
) (c:/texlive/2026/texmf-dist/tex/latex/base/inputenc.sty
Package: inputenc 2024/02/08 v1.3d Input encoding file
\inpenc@prehook=\toks27
\inpenc@posthook=\toks28
) (c:/texlive/2026/texmf-dist/tex/latex/base/fontenc.sty
Package: fontenc 2025/07/18 v2.1d Standard LaTeX package
) (c:/texlive/2026/texmf-dist/tex/latex/psnfss/mathptmx.sty
Package: mathptmx 2020/03/25 PSNFSS-v9.3 Times w/ Math, improved (SPQR, WaS) 
LaTeX Font Info:    Redeclaring symbol font `operators' on input line 28.
LaTeX Font Info:    Overwriting symbol font `operators' in version `normal'
(Font)                  OT1/cmr/m/n --> OT1/ztmcm/m/n on input line 28.
LaTeX Font Info:    Overwriting symbol font `operators' in version `bold'
(Font)                  OT1/cmr/bx/n --> OT1/ztmcm/m/n on input line 28.
LaTeX Font Info:    Redeclaring symbol font `letters' on input line 29.
LaTeX Font Info:    Overwriting symbol font `letters' in version `normal'
(Font)                  OML/cmm/m/it --> OML/ztmcm/m/it on input line 29.
LaTeX Font Info:    Overwriting symbol font `letters' in version `bold'
(Font)                  OML/cmm/b/it --> OML/ztmcm/m/it on input line 29.
LaTeX Font Info:    Redeclaring symbol font `symbols' on input line 30.
LaTeX Font Info:    Overwriting symbol font `symbols' in version `normal'
(Font)                  OMS/cmsy/m/n --> OMS/ztmcm/m/n on input line 30.
LaTeX Font Info:    Overwriting symbol font `symbols' in version `bold'
(Font)                  OMS/cmsy/b/n --> OMS/ztmcm/m/n on input line 30.
LaTeX Font Info:    Redeclaring symbol font `largesymbols' on input line 31.
LaTeX Font Info:    Overwriting symbol font `largesymbols' in version `normal'
(Font)                  OMX/cmex/m/n --> OMX/ztmcm/m/n on input line 31.
LaTeX Font Info:    Overwriting symbol font `largesymbols' in version `bold'
(Font)                  OMX/cmex/m/n --> OMX/ztmcm/m/n on input line 31.
\symbold=\mathgroup9
\symitalic=\mathgroup10
LaTeX Font Info:    Redeclaring math alphabet \mathbf on input line 34.
LaTeX Font Info:    Redeclaring math alphabet \mathit on input line 35.
LaTeX Font Info:    Overwriting math alphabet `\mathit' in version `normal'
(Font)                  OT1/cmr/m/it --> OT1/ptm/m/it on input line 35.
LaTeX Font Info:    Overwriting math alphabet `\mathit' in version `bold'
(Font)                  OT1/cmr/bx/it --> OT1/ptm/m/it on input line 35.
LaTeX Info: Redefining \hbar on input line 50.
) (c:/texlive/2026/texmf-dist/tex/latex/etoolbox/etoolbox.sty
Package: etoolbox 2025/10/02 v2.5m e-TeX tools for LaTeX (JAW)
\etb@tempcnta=\count303
) (c:/texlive/2026/texmf-dist/tex/latex/booktabs/booktabs.sty
Package: booktabs 2020/01/12 v1.61803398 Publication quality tables
\heavyrulewidth=\dimen161
\lightrulewidth=\dimen162
\cmidrulewidth=\dimen163
\belowrulesep=\dimen164
\belowbottomsep=\dimen165
\aboverulesep=\dimen166
\abovetopsep=\dimen167
\cmidrulesep=\dimen168
\cmidrulekern=\dimen169
\defaultaddspace=\dimen170
\@cmidla=\count304
\@cmidlb=\count305
\@aboverulesep=\dimen171
\@belowrulesep=\dimen172
\@thisruleclass=\count306
\@lastruleclass=\count307
\@thisrulewidth=\dimen173
) (c:/texlive/2026/texmf-dist/tex/latex/multirow/multirow.sty
Package: multirow 2024/11/12 v2.9 Span multiple rows of a table
\multirow@colwidth=\skip58
\multirow@cntb=\count308
\multirow@dima=\skip59
\bigstrutjot=\dimen174
) (c:/texlive/2026/texmf-dist/tex/latex/caption/subcaption.sty
Package: subcaption 2023/07/28 v1.6b Sub-captions (AR)
 (c:/texlive/2026/texmf-dist/tex/latex/caption/caption.sty
Package: caption 2023/08/05 v3.6o Customizing captions (AR)
 (c:/texlive/2026/texmf-dist/tex/latex/caption/caption3.sty
Package: caption3 2023/07/31 v2.4d caption3 kernel (AR)
\caption@tempdima=\dimen175
\captionmargin=\dimen176
\caption@leftmargin=\dimen177
\caption@rightmargin=\dimen178
\caption@width=\dimen179
\caption@indent=\dimen180
\caption@parindent=\dimen181
\caption@hangindent=\dimen182
Package caption Info: Unknown document class (or package),
(caption)             standard defaults will be used.
Package caption Info: \@makecaption = \long macro:#1#2->\par \vskip \abovecaptionskip \begingroup \small \rmfamily \sbox \@tempboxa {\let \\\heading@cr \@make@capt@title {#1}{#2}}\@ifdim {\wd \@tempboxa >\hsize }{\begingroup \samepage \flushing \let \footnote \@footnotemark@gobble \@make@capt@title {#1}{#2}\par \endgroup }{\global \@minipagefalse \hb@xt@ \hsize {\hfil \unhbox \@tempboxa \hfil }}\endgroup \vskip \belowcaptionskip  on input line 1175.
)

Package caption Warning: Unknown document class (or package),
(caption)                standard defaults will be used.
See the caption package documentation for explanation.

\c@caption@flags=\count309
\c@continuedfloat=\count310
)
Package caption Info: New subtype `subfigure' on input line 238.
\c@subfigure=\count311
Package caption Info: New subtype `subtable' on input line 238.
\c@subtable=\count312
) (c:/texlive/2026/texmf-dist/tex/latex/float/float.sty
Package: float 2001/11/08 v1.3d Float enhancements (AL)
\c@float@type=\count313
\float@exts=\toks29
\float@box=\box72
\@float@everytoks=\toks30
\@floatcapt=\box73
)
Class revtex4-1 Info: Unrecognized array package. Please update this document class! (Proceeding with fingers crossed.) on input line 75.


Class revtex4-1 Warning: Repair the float package.

Class revtex4-1 Info: cite was not loaded (OK!) on input line 75.
Class revtex4-1 Info: mcite was not loaded (OK!) on input line 75.
Class revtex4-1 Info: multicol was not loaded (OK!) on input line 75.
LaTeX Font Info:    Trying to load font information for T1+ptm on input line 75.
(c:/texlive/2026/texmf-dist/tex/latex/psnfss/t1ptm.fd
File: t1ptm.fd 2001/06/04 font definitions for T1/ptm.
) (c:/texlive/2026/texmf-dist/tex/latex/l3backend/l3backend-pdftex.def
File: l3backend-pdftex.def 2025-10-09 L3 backend support: PDF output (pdfTeX)
\l__color_backend_stack_int=\count314
) (./aipsamp.aux

LaTeX Warning: Label `sec:level2' multiply defined.


LaTeX Warning: Label `sec:level2' multiply defined.


LaTeX Warning: Label `sec:level2' multiply defined.


LaTeX Warning: Label `sec:level2' multiply defined.


LaTeX Warning: Label `sec:level2' multiply defined.


LaTeX Warning: Label `sec:level1' multiply defined.


LaTeX Warning: Label `sec:level2' multiply defined.


LaTeX Warning: Label `sec:level2' multiply defined.


LaTeX Warning: Label `sec:level2' multiply defined.


LaTeX Warning: Label `sec:level3' multiply defined.


LaTeX Warning: Label `sec:level3' multiply defined.

)
\openout1 = `aipsamp.aux'.

LaTeX Font Info:    Checking defaults for OML/cmm/m/it on input line 75.
LaTeX Font Info:    ... okay on input line 75.
LaTeX Font Info:    Checking defaults for OMS/cmsy/m/n on input line 75.
LaTeX Font Info:    ... okay on input line 75.
LaTeX Font Info:    Checking defaults for OT1/cmr/m/n on input line 75.
LaTeX Font Info:    ... okay on input line 75.
LaTeX Font Info:    Checking defaults for T1/cmr/m/n on input line 75.
LaTeX Font Info:    ... okay on input line 75.
LaTeX Font Info:    Checking defaults for TS1/cmr/m/n on input line 75.
LaTeX Font Info:    ... okay on input line 75.
LaTeX Font Info:    Checking defaults for OMX/cmex/m/n on input line 75.
LaTeX Font Info:    ... okay on input line 75.
LaTeX Font Info:    Checking defaults for U/cmr/m/n on input line 75.
LaTeX Font Info:    ... okay on input line 75.
 (c:/texlive/2026/texmf-dist/tex/context/base/mkii/supp-pdf.mkii
[Loading MPS to PDF converter (version 2006.09.02).]
\scratchcounter=\count315
\scratchdimen=\dimen183
\scratchbox=\box74
\nofMPsegments=\count316
\nofMParguments=\count317
\everyMPshowfont=\toks31
\MPscratchCnt=\count318
\MPscratchDim=\dimen184
\MPnumerator=\count319
\makeMPintoPDFobject=\count320
\everyMPtoPDFconversion=\toks32
) (c:/texlive/2026/texmf-dist/tex/latex/epstopdf-pkg/epstopdf-base.sty
Package: epstopdf-base 2020-01-24 v2.11 Base part for package epstopdf
Package epstopdf-base Info: Redefining graphics rule for `.eps' on input line 485.
 (c:/texlive/2026/texmf-dist/tex/latex/latexconfig/epstopdf-sys.cfg
File: epstopdf-sys.cfg 2010/07/13 v1.3 Configuration of (r)epstopdf for TeX Live
))
Package caption Info: Begin \AtBeginDocument code.
Package caption Info: float package is loaded.
Package caption Info: End \AtBeginDocument code.
\openout3 = `aipsampNotes.bib'.

LaTeX Font Info:    Trying to load font information for OT1+ztmcm on input line 109.
 (c:/texlive/2026/texmf-dist/tex/latex/psnfss/ot1ztmcm.fd
File: ot1ztmcm.fd 2000/01/03 Fontinst v1.801 font definitions for OT1/ztmcm.
)
LaTeX Font Info:    Trying to load font information for OML+ztmcm on input line 109.
 (c:/texlive/2026/texmf-dist/tex/latex/psnfss/omlztmcm.fd
File: omlztmcm.fd 2000/01/03 Fontinst v1.801 font definitions for OML/ztmcm.
)
LaTeX Font Info:    Trying to load font information for OMS+ztmcm on input line 109.
 (c:/texlive/2026/texmf-dist/tex/latex/psnfss/omsztmcm.fd
File: omsztmcm.fd 2000/01/03 Fontinst v1.801 font definitions for OMS/ztmcm.
)
LaTeX Font Info:    Trying to load font information for OMX+ztmcm on input line 109.
 (c:/texlive/2026/texmf-dist/tex/latex/psnfss/omxztmcm.fd
File: omxztmcm.fd 2000/01/03 Fontinst v1.801 font definitions for OMX/ztmcm.
)
LaTeX Font Info:    Trying to load font information for OT1+ptm on input line 109.
 (c:/texlive/2026/texmf-dist/tex/latex/psnfss/ot1ptm.fd
File: ot1ptm.fd 2001/06/04 font definitions for OT1/ptm.
)
LaTeX Font Info:    Font shape `OT1/ptm/bx/n' in size <10> not available
(Font)              Font shape `OT1/ptm/b/n' tried instead on input line 109.
LaTeX Font Info:    Font shape `OT1/ptm/bx/n' in size <7.4> not available
(Font)              Font shape `OT1/ptm/b/n' tried instead on input line 109.
LaTeX Font Info:    Font shape `OT1/ptm/bx/n' in size <6> not available
(Font)              Font shape `OT1/ptm/b/n' tried instead on input line 109.
LaTeX Font Info:    Font shape `OT1/ptm/bx/n' in size <9> not available
(Font)              Font shape `OT1/ptm/b/n' tried instead on input line 109.
LaTeX Font Info:    Font shape `OT1/ptm/bx/n' in size <7> not available
(Font)              Font shape `OT1/ptm/b/n' tried instead on input line 109.
LaTeX Font Info:    Font shape `OT1/ptm/bx/n' in size <5> not available
(Font)              Font shape `OT1/ptm/b/n' tried instead on input line 109.
LaTeX Font Info:    Font shape `OT1/ptm/bx/n' in size <8> not available
(Font)              Font shape `OT1/ptm/b/n' tried instead on input line 109.
<figs/pipline.pdf, id=1, 693.34032pt x 347.04657pt>
File: figs/pipline.pdf Graphic file (type pdf)
<use figs/pipline.pdf>
Package pdftex.def Info: figs/pipline.pdf  used on input line 372.
(pdftex.def)             Requested size: 255.0pt x 127.63736pt.

Overfull \hbox (9.0pt too wide) in paragraph at lines 372--373
 [][] 
 []


Underfull \hbox (badness 10000) in paragraph at lines 380--381
 []\T1/ptm/b/n/10 Training of the Mul-tires-o-lu-tion Boundary-
 []

LaTeX Font Info:    Trying to load font information for TS1+ptm on input line 396.
(c:/texlive/2026/texmf-dist/tex/latex/psnfss/ts1ptm.fd
File: ts1ptm.fd 2001/06/04 font definitions for TS1/ptm.
) [1{c:/texlive/2026/texmf-var/fonts/map/pdftex/updmap/pdftex.map}{c:/texlive/2026/texmf-dist/fonts/enc/dvips/base/8r.enc}{c:/texlive/2026/texmf-dist/fonts/enc/dvips/cm-super/cm-super-t1.enc} <./figs/pipline.pdf>]
Underfull \hbox (badness 3635) in paragraph at lines 397--398
 []\T1/ptm/b/n/10 Geometric Sin-gu-lar-ity Iden-ti-fi-ca-tion:\T1/ptm/m/n/10 Regions ex-
 []


Underfull \hbox (badness 10000) in paragraph at lines 404--405
 []\T1/ptm/b/n/10 Uniform Sam-pling for the Outer Bound-
 []


Underfull \hbox (badness 4132) in paragraph at lines 404--405
 \T1/ptm/b/n/10 ary:\T1/ptm/m/n/10 Conversely, a uni-form sam-pling ap-proach is
 []


Underfull \hbox (badness 1596) in paragraph at lines 413--414
 \T1/ptm/m/n/10 and second-order deriva-tive con-ti-nu-ity across hash
 []


Underfull \hbox (badness 10000) in paragraph at lines 414--415
 []\T1/ptm/b/n/10 Hard Con-straint For-mu-la-tion via Boundary-
 []


Underfull \hbox (badness 2253) in paragraph at lines 414--415
 \T1/ptm/b/n/10 Informed Neu-ral Net-works (BINN):\T1/ptm/m/n/10 A boundary-
 []

[2]

LaTeX Warning: Command \textperiodcentered invalid in math mode on input line 436.


LaTeX Warning: Command \textperiodcentered invalid in math mode on input line 436.

Missing character: There is no · in font zptmcm7t!

Underfull \hbox (badness 4378) in paragraph at lines 438--439
\T1/ptm/m/n/10 self-intersections, el-e-men-tal topo-log-i-cal in-ver-sions, and
 []


Underfull \hbox (badness 1067) in paragraph at lines 440--441
 []\T1/ptm/b/n/10 Macroscopic Topo-log-i-cal Check:\T1/ptm/m/n/10 During the ini-tial
 []


Underfull \hbox (badness 1275) in paragraph at lines 442--443
 \T1/ptm/m/n/10 concave al-ter-na-tions, this study es-chews the strin-
 []

[3]
<figs/ac001show_big.png, id=89, 6945.95pt x 5885.99pt>
File: figs/ac001show_big.png Graphic file (type png)
<use figs/ac001show_big.png>
Package pdftex.def Info: figs/ac001show_big.png  used on input line 523.
(pdftex.def)             Requested size: 153.00156pt x 129.59995pt.
<figs/ac001show_small.png, id=91, 6945.95pt x 5885.99pt>
File: figs/ac001show_small.png Graphic file (type png)
<use figs/ac001show_small.png>
Package pdftex.def Info: figs/ac001show_small.png  used on input line 530.
(pdftex.def)             Requested size: 153.00156pt x 129.59995pt.
<figs/ms001show_big.png, id=92, 6945.95pt x 5885.99pt>
File: figs/ms001show_big.png Graphic file (type png)
<use figs/ms001show_big.png>
Package pdftex.def Info: figs/ms001show_big.png  used on input line 540.
(pdftex.def)             Requested size: 153.00156pt x 129.59995pt.
<figs/ms001show_small.png, id=93, 6945.95pt x 5885.99pt>
File: figs/ms001show_small.png Graphic file (type png)
<use figs/ms001show_small.png>
Package pdftex.def Info: figs/ms001show_small.png  used on input line 547.
(pdftex.def)             Requested size: 153.00156pt x 129.59995pt.
<figs/pl001show_big.png, id=94, 6945.95pt x 5885.99pt>
File: figs/pl001show_big.png Graphic file (type png)
<use figs/pl001show_big.png>
Package pdftex.def Info: figs/pl001show_big.png  used on input line 557.
(pdftex.def)             Requested size: 153.00156pt x 129.59995pt.
<figs/pl001show_small.png, id=95, 6945.95pt x 5885.99pt>
File: figs/pl001show_small.png Graphic file (type png)
<use figs/pl001show_small.png>
Package pdftex.def Info: figs/pl001show_small.png  used on input line 564.
(pdftex.def)             Requested size: 153.00156pt x 129.59995pt.
<figs/rabbitshow_big.png, id=96, 6945.95pt x 5885.99pt>
File: figs/rabbitshow_big.png Graphic file (type png)
<use figs/rabbitshow_big.png>
Package pdftex.def Info: figs/rabbitshow_big.png  used on input line 574.
(pdftex.def)             Requested size: 153.00156pt x 129.59995pt.
<figs/rabbitshow_small.png, id=97, 6945.95pt x 5885.99pt>
File: figs/rabbitshow_small.png Graphic file (type png)
<use figs/rabbitshow_small.png>
Package pdftex.def Info: figs/rabbitshow_small.png  used on input line 581.
(pdftex.def)             Requested size: 153.00156pt x 129.59995pt.
<figs/pl002show_big.png, id=98, 3472.975pt x 2942.995pt>
File: figs/pl002show_big.png Graphic file (type png)
<use figs/pl002show_big.png>
Package pdftex.def Info: figs/pl002show_big.png  used on input line 594.
(pdftex.def)             Requested size: 122.4028pt x 103.68893pt.
<figs/pl002show_small.png, id=99, 3472.975pt x 2942.995pt>
File: figs/pl002show_small.png Graphic file (type png)
<use figs/pl002show_small.png>
Package pdftex.def Info: figs/pl002show_small.png  used on input line 601.
(pdftex.def)             Requested size: 122.4028pt x 103.68893pt.
File: figs/rabbitshow_big.png Graphic file (type png)
<use figs/rabbitshow_big.png>
Package pdftex.def Info: figs/rabbitshow_big.png  used on input line 608.
(pdftex.def)             Requested size: 122.4028pt x 103.64404pt.
File: figs/rabbitshow_small.png Graphic file (type png)
<use figs/rabbitshow_small.png>
Package pdftex.def Info: figs/rabbitshow_small.png  used on input line 615.
(pdftex.def)             Requested size: 122.4028pt x 103.64404pt.
 [4] [5 <./figs/ac001show_big.png> <./figs/ac001show_small.png> <./figs/ms001show_big.png> <./figs/ms001show_small.png> <./figs/pl001show_big.png> <./figs/pl001show_small.png> <./figs/rabbitshow_big.png> <./figs/rabbitshow_small.png>]

LaTeX Warning: A float is stuck (cannot be placed); try class option [floatfix] on input line 627.

<figs/angleloss1.pdf, id=114, 151.3153pt x 192.72pt>
File: figs/angleloss1.pdf Graphic file (type pdf)
<use figs/angleloss1.pdf>
Package pdftex.def Info: figs/angleloss1.pdf  used on input line 716.
(pdftex.def)             Requested size: 76.49689pt x 97.43015pt.
<figs/angleloss2.pdf, id=115, 151.3153pt x 192.72pt>
File: figs/angleloss2.pdf Graphic file (type pdf)
<use figs/angleloss2.pdf>
Package pdftex.def Info: figs/angleloss2.pdf  used on input line 723.
(pdftex.def)             Requested size: 76.49689pt x 97.43015pt.
<figs/angleloss3.pdf, id=116, 151.3153pt x 192.72pt>
File: figs/angleloss3.pdf Graphic file (type pdf)
<use figs/angleloss3.pdf>
Package pdftex.def Info: figs/angleloss3.pdf  used on input line 730.
(pdftex.def)             Requested size: 76.49689pt x 97.43015pt.

LaTeX Warning: No positions in optional float specifier.
               Default added (so using `tbp') on input line 747.

[6 <./figs/pl002show_big.png> <./figs/pl002show_small.png> <./figs/angleloss1.pdf> <./figs/angleloss2.pdf

pdfTeX warning: pdflatex.exe (file ./figs/angleloss2.pdf): PDF inclusion: multiple pdfs with page group included in a single page
> <./figs/angleloss3.pdf

pdfTeX warning: pdflatex.exe (file ./figs/angleloss3.pdf): PDF inclusion: multiple pdfs with page group included in a single page
>]

LaTeX Warning: A float is stuck (cannot be placed); try class option [floatfix] on input line 789.

<figs/smooth1.pdf, id=155, 150.5625pt x 203.25937pt>
File: figs/smooth1.pdf Graphic file (type pdf)
<use figs/smooth1.pdf>
Package pdftex.def Info: figs/smooth1.pdf  used on input line 826.
(pdftex.def)             Requested size: 117.29782pt x 158.35867pt.
<figs/smooth2.pdf, id=156, 150.5625pt x 203.25937pt>
File: figs/smooth2.pdf Graphic file (type pdf)
<use figs/smooth2.pdf>
Package pdftex.def Info: figs/smooth2.pdf  used on input line 833.
(pdftex.def)             Requested size: 117.29782pt x 158.35867pt.
[7 <./figs/smooth1.pdf> <./figs/smooth2.pdf

pdfTeX warning: pdflatex.exe (file ./figs/smooth2.pdf): PDF inclusion: multiple pdfs with page group included in a single page
>] [8] [9] (./aipsamp.aux)
 ***********
LaTeX2e <2025-11-01>
L3 programming layer <2026-01-19>
 ***********


LaTeX Warning: There were multiply-defined labels.

 ) 
Here is how much of TeX's memory you used:
 7583 strings out of 467525
 113537 string characters out of 5423209
 552223 words of memory out of 5000000
 36354 multiletter control sequences out of 15000+600000
 705692 words of font info for 174 fonts, out of 8000000 for 9000
 1141 hyphenation exceptions out of 8191
 71i,12n,79p,1144b,554s stack positions out of 10000i,1000n,20000p,200000b,200000s
<c:/texlive/2026/texmf-dist/fonts/type1/public/amsfonts/cm/cmex10.pfb><c:/texlive/2026/texmf-dist/fonts/type1/public/amsfonts/cm/cmmi10.pfb><c:/texlive/2026/texmf-dist/fonts/type1/public/amsfonts/cm/cmr10.pfb><c:/texlive/2026/texmf-dist/fonts/type1/public/amsfonts/cm/cmsy10.pfb><c:/texlive/2026/texmf-dist/fonts/type1/public/rsfs/rsfs10.pfb><c:/texlive/2026/texmf-dist/fonts/type1/public/cm-super/sfso0900.pfb><c:/texlive/2026/texmf-dist/fonts/type1/public/cm-super/sfss0800.pfb><c:/texlive/2026/texmf-dist/fonts/type1/public/cm-super/sfss1000.pfb><c:/texlive/2026/texmf-dist/fonts/type1/public/cm-super/sfsx0900.pfb><c:/texlive/2026/texmf-dist/fonts/type1/public/cm-super/sfsx1440.pfb><c:/texlive/2026/texmf-dist/fonts/type1/public/cm-super/sftt1000.pfb><c:/texlive/2026/texmf-dist/fonts/type1/urw/symbol/usyr.pfb><c:/texlive/2026/texmf-dist/fonts/type1/urw/symbol/usyr.pfb><c:/texlive/2026/texmf-dist/fonts/type1/urw/times/utmb8a.pfb><c:/texlive/2026/texmf-dist/fonts/type1/urw/times/utmbi8a.pfb><c:/texlive/2026/texmf-dist/fonts/type1/urw/times/utmr8a.pfb><c:/texlive/2026/texmf-dist/fonts/type1/urw/times/utmri8a.pfb>
Output written on aipsamp.pdf (9 pages, 102122848 bytes).
PDF statistics:
 260 PDF objects out of 1000 (max. 8388607)
 139 compressed objects within 2 object streams
 0 named destinations out of 1000 (max. 500000)
 81 words of extra memory for PDF output out of 10000 (max. 10000000)

